INFO: 2026/02/27 17:32:29 Logger initialized
INFO: 2026/02/27 17:32:29 Application starting...
INFO: 2026/02/27 17:32:29 Audio player initialized
INFO: 2026/02/27 17:32:29 Volume set to 10%
INFO: 2026/02/27 17:32:44 Parsing URL: https://www.youtube.com/watch?v=nJ6A6GC_ki4
INFO: 2026/02/27 17:32:48 Successfully parsed 1 tracks
INFO: 2026/02/27 17:32:48 Starting playback: https://youtube.com/watch?v=nJ6A6GC_ki4
INFO: 2026/02/27 17:32:48 Playback stopped
INFO: 2026/02/27 17:32:50 Playback started successfully
INFO: 2026/02/27 17:33:00 Parsing URL: https://www.youtube.com/watch?v=nJ6A6GC_ki4
INFO: 2026/02/27 17:33:03 Successfully parsed 1 tracks
INFO: 2026/02/27 18:09:52 Logger initialized
INFO: 2026/02/27 18:09:52 Application starting...
INFO: 2026/02/27 18:09:52 Audio player initialized
INFO: 2026/02/27 18:09:52 Volume set to 10%
INFO: 2026/02/27 18:10:18 Parsing URL: https://www.youtube.com/watch?v=nJ6A6GC_ki4
INFO: 2026/02/27 18:10:21 Successfully parsed 1 tracks
INFO: 2026/02/27 18:10:21 Starting playback: https://youtube.com/watch?v=nJ6A6GC_ki4
INFO: 2026/02/27 18:10:21 Playback stopped
INFO: 2026/02/27 18:10:24 Playback started successfully
INFO: 2026/02/27 18:10:51 Volume set to 1%
INFO: 2026/02/27 18:11:04 Playback stopped
INFO: 2026/02/27 18:11:04 Application exiting
INFO: 2026/02/27 18:11:09 Logger initialized
INFO: 2026/02/27 18:11:09 Application starting...
INFO: 2026/02/27 18:11:09 Audio player initialized
INFO: 2026/02/27 18:11:09 Volume set to 1%
INFO: 2026/02/27 18:11:17 Parsing URL: https://www.youtube.com/watch?v=nJ6A6GC_ki4
INFO: 2026/02/27 18:11:21 Successfully parsed 1 tracks
INFO: 2026/02/27 18:11:22 Starting playback: https://youtube.com/watch?v=nJ6A6GC_ki4
INFO: 2026/02/27 18:11:22 Playback stopped
INFO: 2026/02/27 18:11:24 Playback started successfully
INFO: 2026/02/27 18:11:29 Volume set to 100%
INFO: 2026/02/27 18:11:32 Volume set to 1%
INFO: 2026/02/27 18:13:27 Logger initialized
INFO: 2026/02/27 18:13:27 Application starting...
INFO: 2026/02/27 18:13:27 Audio player initialized
INFO: 2026/02/27 18:13:27 Volume set to 1%
INFO: 2026/02/27 18:13:30 Parsing URL: https://www.youtube.com/watch?v=nJ6A6GC_ki4
INFO: 2026/02/27 18:13:33 Successfully parsed 1 tracks
INFO: 2026/02/27 18:13:33 Starting playback: https://youtube.com/watch?v=nJ6A6GC_ki4
INFO: 2026/02/27 18:13:33 Playback stopped
INFO: 2026/02/27 18:13:34 Parsing URL: https://www.youtube.com/watch?v=nJ6A6GC_ki4
INFO: 2026/02/27 18:13:35 Playback started successfully
INFO: 2026/02/27 18:13:37 Successfully parsed 1 tracks
INFO: 2026/02/27 18:13:38 Parsing URL: https://www.youtube.com/watch?v=nJ6A6GC_ki4
INFO: 2026/02/27 18:13:41 Successfully parsed 1 tracks
INFO: 2026/02/27 18:13:45 Playback stopped
INFO: 2026/02/27 18:13:45 Application exiting
